[14:09:07] INFO Found 333963 missing logos. Using 25 workers...
[14:09:12] INFO [1/333963] SAVED: Kowloon High-School Chronicle (Source: Steam CDN (AppID: 1053390))
[14:09:12] INFO [2/333963] SAVED: Tok Hardcore (Source: Steam CDN (AppID: 1053250))
[14:09:12] INFO [3/333963] SAVED: Super Technos World: River City & Arcade Classics (Source: Steam CDN (AppID: 1053510))
[14:09:12] INFO [4/333963] SAVED: Little Soldier (Source: Steam CDN (AppID: 1053340))
[14:09:12] INFO [5/333963] SAVED: Witch Ring Meister (Source: Steam CDN (AppID: 1053160))
[14:09:20] INFO [6/333963] SAVED: Amortizer Off-Road (Source: Steam CDN (AppID: 1052600))
[14:09:20] INFO [7/333963] SAVED: TheHunter: Call of the Wild - Trophy Lodge Spring Creek Manor (Source: Steam CDN (AppID: 1052690))
[14:09:20] INFO [8/333963] SAVED: Trainspotting Simulator (Source: Steam CDN (AppID: 1052670))
[14:09:21] INFO [9/333963] SAVED: Space Siege (Source: Steam CDN (AppID: 10530))
[14:09:21] INFO [10/333963] SAVED: Critical Mass (Source: Steam CDN (AppID: 105300))
[14:09:21] INFO [11/333963] SAVED: Galak Zed (Source: Steam CDN (AppID: 1053020))
[14:09:21] INFO [12/333963] SAVED: Perplexity: Suburban Home (Source: Steam CDN (AppID: 1052850))
[14:09:21] INFO [13/333963] SAVED: Archibald 2 (Source: Steam CDN (AppID: 1053300))
[14:09:22] INFO [14/333963] SAVED: Planes Attack (Source: Steam CDN (AppID: 1053000))
[14:09:22] INFO [15/333963] SAVED: ZombieOrNotZombie (Source: Steam CDN (AppID: 1053040))
[14:09:22] INFO [16/333963] SAVED: Razortron 2084 (Source: Steam CDN (AppID: 1052650))
[14:09:22] INFO [17/333963] SAVED: Farewell Planet (Source: Steam CDN (AppID: 1052580))
[14:09:22] INFO [18/333963] SAVED: Idle Cooking Emperor (Source: Steam CDN (AppID: 1053170))
[14:09:22] INFO [19/333963] SAVED: Lover Bands (Source: Steam CDN (AppID: 1053190))
[14:09:23] INFO [20/333963] SAVED: Saint Hazel's Horsepital (Source: Steam CDN (AppID: 1053560))
[14:09:23] INFO [21/333963] SAVED: \u5fa1\u9f99\u5728\u5929-\u5e73\u8861\u56fd\u6218\u7248 (Source: Steam CDN (AppID: 1052500))
[14:09:23] INFO [22/333963] SAVED: Reactivated (Source: Steam CDN (AppID: 1053600))
[14:09:23] INFO [23/333963] SAVED: OfficeEscape (Source: Steam CDN (AppID: 1052470))
[14:09:23] INFO [24/333963] SAVED: Nightmare (Source: Steam CDN (AppID: 1052460))
[14:09:24] INFO [25/333963] SAVED: Knife Only (Source: Steam CDN (AppID: 1053720))
[14:09:25] INFO [26/333963] SAVED: Midnight Remastered (Source: Steam CDN (AppID: 1053620))
[14:09:25] INFO [27/333963] SAVED: The Red Reactor (Source: Steam CDN (AppID: 1053750))
[14:09:25] INFO [28/333963] SAVED: Eternal Concord (Source: Steam CDN (AppID: 1053820))
[14:09:25] INFO [29/333963] SAVED: Chaos Starter (Source: Steam CDN (AppID: 1053660))
[14:09:25] INFO [30/333963] SAVED: Last Hope Z - VR (Source: Steam CDN (AppID: 1053850))
[14:09:26] INFO [31/333963] SAVED: Afterlight (Source: Steam CDN (AppID: 1053670))
[14:09:26] INFO [32/333963] SAVED: Ninja Legends (Source: Steam CDN (AppID: 1053830))
[14:09:26] INFO [33/333963] SAVED: Ruins to Rumble (Source: Steam CDN (AppID: 1053870))
[14:09:26] INFO [34/333963] SAVED: Radio the Universe (Source: Steam CDN (AppID: 1053900))
[14:09:26] INFO [35/333963] SAVED: Drive for Your Life (Source: Steam CDN (AppID: 1053650))
[14:09:26] INFO [36/333963] SAVED: Emergency Water Landing (Source: Steam CDN (AppID: 1053920))
[14:09:26] INFO [37/333963] SAVED: Granny Simulator (Source: Steam CDN (AppID: 1053680))
[14:09:27] INFO [38/333963] SAVED: Countermark Saga Frozen sword (Source: Steam CDN (AppID: 1053940))
[14:09:28] INFO [39/333963] SAVED: Hero Must Die. Again (Source: Steam CDN (AppID: 1054050))
[14:09:28] INFO [40/333963] SAVED: Warlander (Source: Steam CDN (AppID: 1054040))
[14:09:29] INFO [41/333963] SAVED: Saturated Outer Space (Source: Steam CDN (AppID: 1054080))
[14:09:29] INFO [42/333963] SAVED: There the Light (Source: Steam CDN (AppID: 1054110))
[14:09:29] INFO [43/333963] SAVED: Lair Land Story: Remake Edition (Source: Steam CDN (AppID: 1054170))
[14:09:29] INFO [44/333963] SAVED: Sexxnator: Adult Sandbox RPG (Source: Steam CDN (AppID: 1054120))
[14:09:30] INFO [45/333963] SAVED: Cheeky Beetle and the Unlikely Heroes (Source: Steam CDN (AppID: 1054180))
[14:09:30] INFO [46/333963] SAVED: Double Dragon Dodgeball (Source: Steam Store header_image (AppID: 1053540))
[14:09:30] INFO [47/333963] SAVED: Parkour Bot (Source: Steam CDN (AppID: 1054190))
[14:09:31] INFO [48/333963] SAVED: Rashlander (Source: Steam CDN (AppID: 1054270))
[14:09:32] INFO [49/333963] SAVED: Fade Out (Source: Steam CDN (AppID: 1054310))
[14:09:32] INFO [50/333963] SAVED: The Fairytale of Death (Source: Steam CDN (AppID: 1054300))
[14:09:33] INFO [51/333963] SAVED: Logic World (Source: Steam CDN (AppID: 1054340))
[14:09:33] INFO [52/333963] SAVED: Lost and Hound (Source: Steam CDN (AppID: 1054350))
[14:09:34] INFO [53/333963] SAVED: Super Clash Crossover (Source: Steam CDN (AppID: 1054440))
[14:09:34] INFO [54/333963] SAVED: Fling to the Finish (Source: Steam CDN (AppID: 1054430))
[14:09:34] INFO [55/333963] SAVED: The Raintime (Source: Steam CDN (AppID: 1054450))
[14:09:34] INFO [56/333963] SAVED: Fishy Dungeon Delving (Source: Steam CDN (AppID: 1053700))
[14:09:34] INFO [57/333963] SAVED: Bunker: Nightmare Begins (Source: Steam CDN (AppID: 1053740))
[14:09:35] INFO [58/333963] SAVED: Foxyland 2 (Source: Steam CDN (AppID: 1053730))
[14:09:35] INFO [59/333963] SAVED: Wingspan (Source: Steam CDN (AppID: 1054490))
[14:09:35] INFO [60/333963] SAVED: Pixel Art Monster: Color by Number (Source: Steam CDN (AppID: 1053780))
[14:09:37] INFO [61/333963] SAVED: Age of Empires III: Complete Collection (Source: Steam CDN (AppID: 105450))
[14:09:37] INFO [62/333963] SAVED: Survivalist: Invisible Strain (Source: Steam CDN (AppID: 1054510))
[14:09:37] INFO [63/333963] SAVED: Ducks in Space (Source: Steam CDN (AppID: 1054500))
[14:09:37] INFO [64/333963] SAVED: Fable III (Source: Steam CDN (AppID: 105400))
[14:09:38] INFO [65/333963] SAVED: Naval Action: Rättvisan (Source: Steam CDN (AppID: 1054071))
[14:09:38] INFO [66/333963] SAVED: Bot Battles (Source: Steam CDN (AppID: 1053960))
[14:09:38] INFO [67/333963] SAVED: Ecchi Puzzles (Source: Steam CDN (AppID: 1053970))
[14:09:38] INFO [68/333963] SAVED: Alice in Stardom (Source: Steam CDN (AppID: 1054560))
[14:09:38] INFO [69/333963] SAVED: Phantom Rose (Source: Steam CDN (AppID: 1054550))
[14:09:38] INFO [70/333963] SAVED: Resistance Element (Source: Steam CDN (AppID: 1054600))
[14:09:38] INFO [71/333963] SAVED: Chocolate makes you happy: Easter (Source: Steam CDN (AppID: 1054610))
[14:09:39] INFO [72/333963] SAVED: Tank Battle (Source: Steam CDN (AppID: 1054630))
[14:09:39] INFO [73/333963] SAVED: Adventures of forsenE: The Hobo Knight (Source: Steam CDN (AppID: 1054030))
[14:09:40] INFO [74/333963] SAVED: Technosphere Reload (Source: Steam CDN (AppID: 1054090))
[14:09:41] INFO [75/333963] SAVED: The Tower of Worth (Source: Steam CDN (AppID: 1054640))
[14:09:42] INFO [76/333963] SAVED: Dreadlands (Source: Steam CDN (AppID: 1054690))
[14:09:42] INFO [77/333963] SAVED: Ms. Splosion Man (Source: Steam CDN (AppID: 105420))
[14:09:42] INFO [78/333963] SAVED: Driven Out (Source: Steam CDN (AppID: 1054710))
[14:09:42] INFO [79/333963] SAVED: Dumb Fight (Source: Steam CDN (AppID: 1054720))
[14:09:42] INFO [80/333963] SAVED: Easy Puzzle: Animals (Source: Steam CDN (AppID: 1054240))
[14:09:42] INFO [81/333963] SAVED: Elon Must: Road to Respect (Source: Steam CDN (AppID: 1054790))
[14:09:43] INFO [82/333963] SAVED: Magic Farm 2: Fairy Lands - Premium Edition (Source: Steam CDN (AppID: 1054750))
[14:09:43] INFO [83/333963] SAVED: Age of Empires: Online (Source: Steam CDN (AppID: 105430))
[14:09:43] INFO [84/333963] SAVED: Dezzan (Source: Steam CDN (AppID: 1054290))
[14:09:43] INFO [85/333963] SAVED: Variables (Source: Steam CDN (AppID: 1054800))
[14:09:43] INFO [86/333963] SAVED: Kingslayer Tactics (Source: Steam CDN (AppID: 1054820))
[14:09:44] INFO [87/333963] SAVED: krAsAvA Shot (Source: Steam CDN (AppID: 1054250))
[14:09:45] INFO [88/333963] SAVED: Race With Ryan (Source: Steam CDN (AppID: 1054990))
[14:09:45] INFO [89/333963] SAVED: Mortal Kombat 11: Kombat Pack (Source: Steam CDN (AppID: 1054480))
[14:09:46] INFO [90/333963] SAVED: Tuition (Source: Steam CDN (AppID: 1054460))
[14:09:46] INFO [91/333963] SAVED: Who Killed Her (Source: Steam CDN (AppID: 1054520))
[14:09:46] INFO [92/333963] SAVED: Ghoul Britannia: Land of Hope and Gorey (Source: Steam CDN (AppID: 1055030))
[14:09:47] INFO [93/333963] SAVED: CoronaViruses (Source: Steam CDN (AppID: 1055120))
[14:09:48] INFO [94/333963] SAVED: Hollow 2 (Source: Steam CDN (AppID: 1055240))
[14:09:48] INFO [95/333963] SAVED: Eva Reynes (Source: Steam CDN (AppID: 1055150))
[14:09:49] INFO [96/333963] SAVED: Retrograde Arena (Source: Steam CDN (AppID: 1055210))
[14:09:50] INFO [97/333963] SAVED: The Myth Seekers 2: The Sunken City (Source: Steam CDN (AppID: 1055310))
[14:09:50] INFO [98/333963] SAVED: Vengeful Bat Dungeon Crawler (Source: Steam CDN (AppID: 1054620))
[14:09:50] INFO [99/333963] SAVED: Moonlight Warrior (Source: Steam CDN (AppID: 1054590))
[14:09:53] INFO [100/333963] SAVED: Faeria: Chronicles of Gagana (Source: Steam CDN (AppID: 1054730))
[14:09:53] INFO [101/333963] SAVED: JQ: cosmos (Source: Steam CDN (AppID: 1054650))
[14:09:54] INFO [102/333963] SAVED: DevilShaft: TheTower (Source: Steam CDN (AppID: 1054900))
[14:09:55] INFO [103/333963] SAVED: Mine the Gold (Source: Steam CDN (AppID: 1054930))
[14:09:55] INFO [104/333963] SAVED: Swords and Sandals Classic Collection (Source: Steam CDN (AppID: 1055430))
[14:09:55] INFO [105/333963] SAVED: Gear (Source: Steam CDN (AppID: 1054770))
[14:09:57] INFO [106/333963] SAVED: Embark (Source: Steam CDN (AppID: 1055090))
[14:09:57] INFO [107/333963] SAVED: Lonely Owl (Source: Steam CDN (AppID: 1055110))
[14:09:57] INFO [108/333963] SAVED: The Cat and the Box (Source: Steam CDN (AppID: 1054980))
[14:09:59] INFO [109/333963] SAVED: EndlessHell (Source: Steam CDN (AppID: 1055000))
[14:09:59] INFO [110/333963] SAVED: 10-4 (Source: Steam CDN (AppID: 1055140))
[14:09:59] INFO [111/333963] SAVED: Minions Battle (Source: Steam CDN (AppID: 1055620))
[14:10:00] INFO [112/333963] SAVED: Desert Lions (Source: Steam CDN (AppID: 1055100))
[14:10:00] INFO [113/333963] SAVED: Deep Space Battle Simulator (Source: Steam CDN (AppID: 1055610))
[14:10:00] INFO [114/333963] SAVED: Welcome to nightmare (Source: Steam CDN (AppID: 1055160))
[14:10:01] INFO [115/333963] SAVED: Ten Days (Source: Steam CDN (AppID: 1055660))
[14:10:01] INFO [116/333963] SAVED: Ultimate Fishing Simulator: Greenland DLC (Source: Steam CDN (AppID: 1055290))
[14:10:01] INFO [117/333963] SAVED: Icarus - Prima Regula (Source: Steam CDN (AppID: 1055180))
[14:10:01] INFO [118/333963] SAVED: Train Simulator 2021: Chengkun Railway - Hanyuan: Puxiong Route (Source: Steam CDN (AppID: 1055331))
[14:10:02] INFO [119/333963] SAVED: Train Simulator 2021: Norfolk Southern GP60 Loco (Source: Steam CDN (AppID: 1055332))
[14:10:03] INFO [120/333963] SAVED: Train Simulator: DB BR 425 EMU Add-On (Source: Steam CDN (AppID: 1055335))
[14:10:03] INFO [121/333963] SAVED: TS Marketplace: Springfield Line Scenario Pack 01 (Source: Steam CDN (AppID: 1055334))
[14:10:03] INFO [122/333963] SAVED: Train Simulator 2021: OEBB 4744 'Cityjet' EMU (Source: Steam CDN (AppID: 1055336))
[14:10:04] INFO [123/333963] SAVED: Metal Country (Source: Steam CDN (AppID: 1055770))
[14:10:05] INFO [124/333963] SAVED: Train Simulator 2021: Montana Hi-Line - Shelby: Havre Route (Source: Steam CDN (AppID: 1055338))
[14:10:05] INFO [125/333963] SAVED: Inspector Waffles (Source: Steam CDN (AppID: 1055850))
[14:10:06] INFO [126/333963] SAVED: Train Simulator: SŽ Series 363 Loco Add-On (Source: Steam CDN (AppID: 1055339))
[14:10:06] INFO [127/333963] SAVED: The Elemental Heart (Source: Steam CDN (AppID: 1055930))
[14:10:06] INFO [128/333963] SAVED: The Highscore (Source: Steam CDN (AppID: 1055420))
[14:10:06] INFO [129/333963] SAVED: Infested Inside Multiplayer Online (Source: Steam CDN (AppID: 1055360))
[14:10:07] INFO [130/333963] SAVED: Feels (Source: Steam CDN (AppID: 1055950))
[14:10:07] INFO [131/333963] SAVED: Wizardas (Source: Steam CDN (AppID: 1055280))
[14:10:08] INFO [132/333963] SAVED: Thistledown: A Tragedy of Blood (Source: Steam CDN (AppID: 1055960))
[14:10:08] INFO [133/333963] SAVED: Argonauts Agency: Pandora's Box (Source: Steam CDN (AppID: 1055970))
[14:10:08] INFO [134/333963] SAVED: Claw Staff (Source: Steam CDN (AppID: 1055460))
[14:10:09] INFO [135/333963] SAVED: Nekro3 (Source: Steam CDN (AppID: 1056010))
[14:10:10] INFO [136/333963] SAVED: Lotus Minigames: Berlin Traffic (Source: Steam CDN (AppID: 1056140))
[14:10:10] INFO [137/333963] SAVED: Superverse (Source: Steam CDN (AppID: 1056170))
[14:10:10] INFO [138/333963] SAVED: Cathedral (Source: Steam CDN (AppID: 1056180))
[14:10:11] INFO [139/333963] SAVED: Medicinal Herbs: Cannabis Grow Simulator (Source: Steam CDN (AppID: 1056230))
[14:10:11] INFO [140/333963] SAVED: Awakening: The Dreamless Castle (Source: Steam CDN (AppID: 1055690))
[14:10:12] INFO [141/333963] SAVED: My chicken world (Source: Steam CDN (AppID: 1055730))
[14:10:12] INFO [142/333963] SAVED: Novus Campis (Source: Steam CDN (AppID: 1055640))
[14:10:12] INFO [143/333963] SAVED: Grotesque Beauty (Source: Steam CDN (AppID: 1056280))
[14:10:13] INFO [144/333963] SAVED: Shuttlecock-H (Source: Steam CDN (AppID: 1055590))
[14:10:13] INFO [145/333963] SAVED: Biplane Racer (Source: Steam CDN (AppID: 1056310))
[14:10:14] INFO [146/333963] SAVED: L.S.S II (Source: Steam CDN (AppID: 1056330))
[14:10:15] INFO [147/333963] SAVED: Plunger Knight - Washers of Truth (Source: Steam CDN (AppID: 1055780))
[14:10:15] INFO [148/333963] SAVED: \u7f8e\u5c11\u5e74\u68a6\u5de5\u53823\uff1a\u91cd\u751f (Source: Steam CDN (AppID: 1055760))
[14:10:16] INFO [149/333963] SAVED: D.H.Wit\u0441h (Source: Steam CDN (AppID: 1055830))
[14:10:16] INFO [150/333963] SAVED: City Zombies (Source: Steam CDN (AppID: 1056470))
[14:10:16] INFO [151/333963] SAVED: Chemical Plant Raid (Source: Steam CDN (AppID: 1055750))
[14:10:16] INFO [152/333963] SAVED: Muse Dash: Just as Planned (Source: Steam CDN (AppID: 1055810))
[14:10:17] INFO [153/333963] SAVED: Siberian Run VR (Source: Steam CDN (AppID: 1055870))
[14:10:17] INFO [154/333963] SAVED: Game Of Puzzles: Nature (Source: Steam CDN (AppID: 1055890))
[14:10:18] INFO [155/333963] SAVED: Miracle Snack Shop: Philia After Story (Source: Steam CDN (AppID: 1055880))
[14:10:18] INFO [156/333963] SAVED: Taisho x Alice Episode 1 (Source: Steam CDN (AppID: 1056570))
[14:10:19] INFO [157/333963] SAVED: Sentenced (Source: Steam CDN (AppID: 1055940))
[14:10:19] INFO [158/333963] SAVED: Home Sweet Home: Survive (Source: Steam CDN (AppID: 1056600))
[14:10:19] INFO [159/333963] SAVED: Heal (Source: Steam CDN (AppID: 1056610))
[14:10:21] INFO [160/333963] SAVED: Instinct Rush (Source: Steam CDN (AppID: 1056070))
[14:10:23] INFO [161/333963] SAVED: Eyes of Fear (Source: Steam CDN (AppID: 1056260))
[14:10:24] INFO [162/333963] SAVED: Phantasy Star Online 2 New Genesis (Source: Steam CDN (AppID: 1056640))
[14:10:24] INFO [163/333963] SAVED: Haunted Jail: Alcatas (Source: Steam CDN (AppID: 1056650))
[14:10:24] INFO [164/333963] SAVED: Island Town Zombie Paradise (Source: Steam CDN (AppID: 1056320))
[14:10:25] INFO [165/333963] SAVED: Soul Island (Source: Steam CDN (AppID: 1056290))
[14:10:26] INFO [166/333963] SAVED: Rigo: The Movie (Source: Steam CDN (AppID: 1056370))
[14:10:26] INFO [167/333963] SAVED: Drink More Glurp (Source: Steam CDN (AppID: 1056690))
[14:10:27] INFO [168/333963] SAVED: Risky Wings: 'Dizzy Kitten' Character (Source: Steam CDN (AppID: 1056450))
[14:10:27] INFO [169/333963] SAVED: Ultra Savage (Source: Steam CDN (AppID: 1056390))
[14:10:27] INFO [170/333963] SAVED: The Garden Pub (Source: Steam CDN (AppID: 1056480))
[14:10:27] INFO [171/333963] SAVED: Azure Wing: Rising Gale (Source: Steam CDN (AppID: 1056420))
[14:10:28] INFO [172/333963] SAVED: Who We Are Now (Source: Steam CDN (AppID: 1056520))
[14:10:28] INFO [173/333963] SAVED: The World is Your Weapon (Source: Steam CDN (AppID: 1056490))
[14:10:28] INFO [174/333963] SAVED: Knight Club + (Source: Steam CDN (AppID: 1056720))
[14:10:29] INFO [175/333963] SAVED: VRLife (Source: Steam CDN (AppID: 1056500))
[14:10:30] INFO [176/333963] SAVED: Family Hidden Secret (Source: Steam CDN (AppID: 1056580))
[14:10:31] INFO [177/333963] SAVED: Super Jigsaw Puzzle: Generations - SJP Space Puzzles (Source: Steam CDN (AppID: 1056622))
[14:10:31] INFO [178/333963] SAVED: Wolfenstein: Cyberpilot (Source: Steam CDN (AppID: 1056970))
[14:10:31] INFO [179/333963] SAVED: Super Jigsaw Puzzle: Generations - SJP Monuments Puzzles (Source: Steam CDN (AppID: 1056621))
[14:10:32] INFO [180/333963] SAVED: Wolfenstein: Youngblood (Source: Steam CDN (AppID: 1056960))
[14:10:32] INFO [181/333963] SAVED: Knights of the Silver Table (Source: Steam CDN (AppID: 1057040))
[14:10:33] INFO [182/333963] SAVED: Super Jigsaw Puzzle: Generations - SJP Anime Reloaded Puzzles (Source: Steam CDN (AppID: 1056623))
[14:10:34] INFO [183/333963] SAVED: Ori and the Will of the Wisps (Source: Steam CDN (AppID: 1057090))
[14:10:34] INFO [184/333963] SAVED: Super Jigsaw Puzzle: Generations - Trains Puzzles (Source: Steam CDN (AppID: 1056629))
[14:10:34] INFO [185/333963] SAVED: Super Jigsaw Puzzle: Generations - Beaches Puzzles (Source: Steam CDN (AppID: 1056628))
[14:10:35] INFO [186/333963] SAVED: Super Jigsaw Puzzle: Generations - Waterfalls Puzzles (Source: Steam CDN (AppID: 1056627))
[14:10:35] INFO [187/333963] SAVED: 3x3 mini-Shogi (Source: Steam CDN (AppID: 1056660))
[14:10:35] INFO [188/333963] SAVED: Super Jigsaw Puzzle: Generations - Puppies Puzzles (Source: Steam CDN (AppID: 1056625))
[14:10:35] INFO [189/333963] SAVED: Super Jigsaw Puzzle: Generations - Kittens Puzzles (Source: Steam CDN (AppID: 1056624))
[14:10:35] INFO [190/333963] SAVED: Exogen VR Experience (Source: Steam CDN (AppID: 1057130))
[14:10:36] INFO [191/333963] SAVED: Super Jigsaw Puzzle: Generations - Sealife Puzzles (Source: Steam CDN (AppID: 1056630))
[14:10:36] INFO [192/333963] SAVED: Crucible (Source: Steam CDN (AppID: 1057240))
[14:10:39] INFO [193/333963] SAVED: Rebound Dodgeball Evolved (Source: Steam CDN (AppID: 1057560))
[14:10:39] INFO [194/333963] SAVED: Euro Truck Simulator 2: Road to the Black Sea (Source: Steam CDN (AppID: 1056760))
[14:10:39] INFO [195/333963] SAVED: VTB Basketball League (Source: Steam CDN (AppID: 1056710))
[14:10:40] INFO [196/333963] SAVED: Euro Truck Simulator 2: Actros Tuning Pack (Source: Steam CDN (AppID: 1056761))
[14:10:40] INFO [197/333963] SAVED: Cthulhu Saves Christmas (Source: Steam CDN (AppID: 1057540))
[14:10:41] INFO [198/333963] SAVED: Booze Masters: Freezing Moonshine (Source: Steam CDN (AppID: 1057600))
[14:10:41] INFO [199/333963] SAVED: Restaurant Renovation (Source: Steam CDN (AppID: 1057630))
[14:10:41] INFO [200/333963] SAVED: Zombie Apocalypse: Bounty Hunter (Source: Steam CDN (AppID: 1057030))
[14:10:42] INFO [201/333963] SAVED: Time Break (Source: Steam CDN (AppID: 1056860))
[14:10:43] INFO [202/333963] SAVED: Nightwalk (Source: Steam CDN (AppID: 1056850))
[14:10:43] INFO [203/333963] SAVED: Tobe's Vertical Adventure (Source: Steam CDN (AppID: 105700))
[14:10:43] INFO [204/333963] SAVED: Graviteam Tactics: Mius Front - Fateful Strike (Source: Steam CDN (AppID: 1057070))
[14:10:44] INFO [205/333963] SAVED: The Lost We Lost (Source: Steam CDN (AppID: 1057680))
[14:10:44] INFO [206/333963] SAVED: Onirism (Source: Steam CDN (AppID: 1057640))
[14:10:44] INFO [207/333963] SAVED: Graviteam Tactics: Mius Front - The Day of the Olifant (Source: Steam CDN (AppID: 1057060))
[14:10:44] INFO [208/333963] SAVED: Battle Grounds III (Source: Steam CDN (AppID: 1057700))
[14:10:45] INFO [209/333963] SAVED: Mahjong Infinity (Source: Steam CDN (AppID: 1057120))
[14:10:45] INFO [210/333963] SAVED: VRAdventure (Source: Steam CDN (AppID: 1057730))
[14:10:46] INFO [211/333963] SAVED: World of Conquerors (Source: Steam CDN (AppID: 1057740))
[14:10:47] INFO [212/333963] SAVED: Story of one night (Source: Steam CDN (AppID: 1057770))
[14:10:47] INFO [213/333963] SAVED: Jump Off the Bridge (Source: Steam CDN (AppID: 1057780))
[14:10:47] INFO [214/333963] SAVED: Adventure in King Caries Land (Source: Steam CDN (AppID: 1057150))
[14:10:48] INFO [215/333963] SAVED: Logistical 2: Vampires (Source: Steam CDN (AppID: 1057190))
[14:10:48] INFO [216/333963] SAVED: A Five-Day Tour in the Morgue (Source: Steam CDN (AppID: 1057310))
[14:10:48] INFO [217/333963] SAVED: Floppy Knights (Source: Steam CDN (AppID: 1057800))
[14:10:49] INFO [218/333963] SAVED: Earth Defense Force 5: Mission Pack 1 - Extra Challenge (Source: Steam CDN (AppID: 1057270))
[14:10:49] INFO [219/333963] SAVED: Earth Defense Force 5: Mission Pack 2 - Super Challenge (Source: Steam CDN (AppID: 1057271))
[14:10:49] INFO [220/333963] SAVED: Feral Frontier (Source: Steam CDN (AppID: 1058030))
[14:10:50] INFO [221/333963] SAVED: The Kaiju Offensive (Source: Steam CDN (AppID: 1057390))
[14:10:50] INFO [222/333963] SAVED: Earthshakers (Source: Steam CDN (AppID: 1057420))
[14:10:51] INFO [223/333963] SAVED: Princesses Never Lose! (Source: Steam CDN (AppID: 1058060))
[14:10:52] INFO [224/333963] SAVED: Pixel Puzzles 2: Halloween (Source: Steam CDN (AppID: 1058210))
[14:10:52] INFO [225/333963] SAVED: Pixel Puzzles Traditional Jigsaws (Source: Steam CDN (AppID: 1058200))
[14:10:52] INFO [226/333963] SAVED: Gradually Forward (Source: Steam CDN (AppID: 1057450))
[14:10:54] INFO [227/333963] SAVED: Fort Boyard (Source: Steam CDN (AppID: 1058330))
[14:10:54] INFO [228/333963] SAVED: Bus Controller Simulator (Source: Steam CDN (AppID: 1057610))
[14:10:54] INFO [229/333963] SAVED: Nyasha Land of Elves (Source: Steam CDN (AppID: 1058350))
[14:10:54] INFO [230/333963] SAVED: Shopkeeper Simulator (Source: Steam CDN (AppID: 1057580))
[14:10:54] INFO [231/333963] SAVED: Toki (Source: Steam CDN (AppID: 1058320))
[14:10:54] INFO [232/333963] SAVED: Handyman (Source: Steam CDN (AppID: 1057570))
[14:10:55] INFO [233/333963] SAVED: Tiara the Deceiving Crown (Source: Steam CDN (AppID: 1058340))
[14:10:56] INFO [234/333963] SAVED: Physics: Optics Table (Source: Steam CDN (AppID: 1058410))
[14:10:56] INFO [235/333963] SAVED: A Legionary's Life (Source: Steam CDN (AppID: 1058430))
[14:10:57] INFO [236/333963] SAVED: Funny Bunny: Adventures (Source: Steam CDN (AppID: 1057710))
[14:10:57] INFO [237/333963] SAVED: My Hero One's Justice 2 (Source: Steam CDN (AppID: 1058450))
[14:10:57] INFO [238/333963] SAVED: Beyond a Total Loss (Source: Steam CDN (AppID: 1058470))
[14:10:58] INFO [239/333963] SAVED: Ramen (Source: Steam CDN (AppID: 1057790))
[14:10:59] INFO [240/333963] SAVED: Radiant Arc (Source: Steam CDN (AppID: 1057980))
[14:10:59] INFO [241/333963] SAVED: Zunius (Source: Steam CDN (AppID: 1058510))
[14:10:59] INFO [242/333963] SAVED: Rain's Love Memory (Source: Steam CDN (AppID: 1058000))
[14:10:59] INFO [243/333963] SAVED: Deathbloom: Chapter 1 (Source: Steam CDN (AppID: 1058560))
[14:10:59] INFO [244/333963] SAVED: Rainbow Hunter (Source: Steam CDN (AppID: 1058550))
[14:11:00] INFO [245/333963] SAVED: Star Wars: Battlefront (Source: Steam CDN (AppID: 1058020))
[14:11:00] INFO [246/333963] SAVED: My University Story (Source: Steam CDN (AppID: 1058040))
[14:11:00] INFO [247/333963] SAVED: H-Rescue (Source: Steam CDN (AppID: 1058530))
[14:11:00] INFO [248/333963] SAVED: Franchise Wars (Source: Steam CDN (AppID: 1058590))
[14:11:00] INFO [249/333963] SAVED: Egg Escape (Source: Steam CDN (AppID: 1057890))
[14:11:02] INFO [250/333963] SAVED: Twinkle Star: Mirai wa Sugu Soko de Matteiru (Source: Steam CDN (AppID: 1058150))
[14:11:02] INFO [251/333963] SAVED: OMSI 2: Masterbus Gen 3 Pack (Source: Steam CDN (AppID: 1058180))
[14:11:03] INFO [252/333963] SAVED: Signs of the Sojourner (Source: Steam CDN (AppID: 1058690))
[14:11:03] INFO [253/333963] SAVED: Bus Simulator 18: Official Map Extension (Source: Steam CDN (AppID: 1058190))
[14:11:03] INFO [254/333963] SAVED: Monarch: Medieval Remastered (Source: Steam CDN (AppID: 1058710))
[14:11:04] INFO [255/333963] SAVED: Wookie's Blade (Source: Steam CDN (AppID: 1058750))
[14:11:04] INFO [256/333963] SAVED: MotoGP 19: Historical Pack (Source: Steam CDN (AppID: 1058300))
[14:11:04] INFO [257/333963] SAVED: Spin Rhythm XD (Source: Steam CDN (AppID: 1058830))
[14:11:05] INFO [258/333963] SAVED: Tiger Tank 59 I Rainstorm (Source: Steam CDN (AppID: 1058760))
[14:11:05] INFO [259/333963] SAVED: Miner's Mettle (Source: Steam CDN (AppID: 1058800))
[14:11:05] INFO [260/333963] SAVED: Zero Zion (Source: Steam CDN (AppID: 1058860))
[14:11:06] INFO [261/333963] SAVED: Super Web Kittens: Act I (Source: Steam CDN (AppID: 1058840))
[14:11:06] INFO [262/333963] SAVED: Hero Siege: Class - Shield Lancer (Source: Steam CDN (AppID: 1058390))
[14:11:06] INFO [263/333963] SAVED: StalinGulag (Source: Steam CDN (AppID: 1058890))
[14:11:07] INFO [264/333963] SAVED: 4 Stones (Source: Steam CDN (AppID: 1058400))
[14:11:07] INFO [265/333963] SAVED: Top Burger (Source: Steam CDN (AppID: 1058930))
[14:11:07] INFO [266/333963] SAVED: Treasure Masters, Inc.: The Lost City (Source: Steam CDN (AppID: 1058940))
[14:11:09] INFO [267/333963] SAVED: Cozy Jigsaw Puzzles (Source: Steam Store header_image (AppID: 1058230))
[14:11:09] INFO [268/333963] SAVED: AI Arcade (Source: Steam CDN (AppID: 1059010))
[14:11:10] INFO [269/333963] SAVED: Road Homeward 2: River Trip (Source: Steam CDN (AppID: 1059080))
[14:11:10] INFO [270/333963] SAVED: Superball (Source: Steam CDN (AppID: 1059110))
[14:11:10] INFO [271/333963] SAVED: Muscle Car Robot (Source: Steam CDN (AppID: 1058500))
[14:11:10] INFO [272/333963] SAVED: Deep Race: Space (Source: Steam CDN (AppID: 1059160))
[14:11:10] INFO [273/333963] SAVED: The Underground Watcher (Source: Steam CDN (AppID: 1059090))
[14:11:10] INFO [274/333963] SAVED: Kinoko (Source: Steam CDN (AppID: 1059120))
[14:11:10] INFO [275/333963] SAVED: Bullet Harmony (Source: Steam CDN (AppID: 1058480))
[14:11:11] INFO [276/333963] SAVED: Ride with the Reaper (Source: Steam CDN (AppID: 1058570))
[14:11:11] INFO [277/333963] SAVED: Ritual: Crown of Horns (Source: Steam CDN (AppID: 1059150))
[14:11:12] INFO [278/333963] SAVED: '83 (Source: Steam CDN (AppID: 1059220))
[14:11:12] INFO [279/333963] SAVED: Room 208 (Source: Steam CDN (AppID: 1059240))
[14:11:12] INFO [280/333963] SAVED: When I Was Young (Source: Steam CDN (AppID: 1059230))
[14:11:12] INFO [281/333963] SAVED: Red Hot Vengeance (Source: Steam CDN (AppID: 1058640))
[14:11:12] INFO [282/333963] SAVED: VeLM (Source: Steam CDN (AppID: 1058600))
[14:11:13] INFO [283/333963] SAVED: Data mining 0 (Source: Steam CDN (AppID: 1059260))
[14:11:14] INFO [284/333963] SAVED: Gravitura (Source: Steam CDN (AppID: 1059300))
[14:11:14] INFO [285/333963] SAVED: ArchMMO 2 (Source: Steam CDN (AppID: 1058660))
[14:11:15] INFO [286/333963] SAVED: Pirates are Blanking Awesome (Source: Steam CDN (AppID: 1058730))
[14:11:15] INFO [287/333963] SAVED: AntQueen 3D (Source: Steam CDN (AppID: 1058740))
[14:11:15] INFO [288/333963] SAVED: Pagan Peak VR (Source: Steam CDN (AppID: 1059430))
[14:11:15] INFO [289/333963] SAVED: 5Leaps (Space Tower Defense) (Source: Steam CDN (AppID: 1059420))
[14:11:16] INFO [290/333963] SAVED: Drunken Fist (Source: Steam CDN (AppID: 1059460))
[14:11:17] INFO [291/333963] SAVED: Victory is Justice! (Source: Steam CDN (AppID: 1058910))
[14:11:17] INFO [292/333963] SAVED: Snower's New Clothes (Source: Steam CDN (AppID: 1058850))
[14:11:17] INFO [293/333963] SAVED: Deepsea Salvor (Source: Steam CDN (AppID: 1059640))
[14:11:19] INFO [294/333963] SAVED: New Yankee 6: In Pharaoh's Court (Source: Steam CDN (AppID: 1059710))
[14:11:19] INFO [295/333963] SAVED: Vertigo! (Source: Steam CDN (AppID: 1059000))
[14:11:20] INFO [296/333963] SAVED: Gunslingers & Zombies (Source: Steam CDN (AppID: 1059740))
[14:11:20] INFO [297/333963] SAVED: Dinosaur Bone Digging (Source: Steam CDN (AppID: 1058980))
[14:11:21] INFO [298/333963] SAVED: Noisetube (Source: Steam CDN (AppID: 1059810))
[14:11:21] INFO [299/333963] SAVED: Jigsaw Masterpieces: Beautiful Sceneries in the USA (Source: Steam CDN (AppID: 1058970))
[14:11:21] INFO [300/333963] SAVED: Daybringer (Source: Steam CDN (AppID: 1059520))
[14:11:23] INFO [301/333963] SAVED: Just King (Source: Steam CDN (AppID: 1059980))
[14:11:23] INFO [302/333963] SAVED: Talisman: The Ancient Beasts (Source: Steam CDN (AppID: 1059290))
[14:11:24] INFO [303/333963] SAVED: Boxwrecker Arena (Source: Steam CDN (AppID: 1060020))
[14:11:24] INFO [304/333963] SAVED: The Renovator (Source: Steam CDN (AppID: 1059280))
[14:11:24] INFO [305/333963] SAVED: Only After (Source: Steam CDN (AppID: 1060000))
[14:11:25] INFO [306/333963] SAVED: Impale Your Friends! (Source: Steam CDN (AppID: 1059370))
[14:11:26] INFO [307/333963] SAVED: Golf in Paper (Source: Steam CDN (AppID: 1060060))
[14:11:26] INFO [308/333963] SAVED: Hocus Potions (Source: Steam CDN (AppID: 1059320))
[14:11:26] INFO [309/333963] SAVED: Puzzle: Ocean (Source: Steam CDN (AppID: 1059500))
[14:11:27] INFO [310/333963] SAVED: Vain Riser (Source: Steam CDN (AppID: 1059850))
[14:11:27] INFO [311/333963] SAVED: Wolfgate (Source: Steam CDN (AppID: 1059470))
[14:11:27] INFO [312/333963] SAVED: Herald of the Depths (Source: Steam CDN (AppID: 1059310))
[14:11:27] INFO [313/333963] SAVED: Call of the Void (Source: Steam CDN (AppID: 1060100))
[14:11:28] INFO [314/333963] SAVED: Puzzle: Birds - Puzzle Pack: 10 Birds (Source: Steam CDN (AppID: 1059590))
[14:11:28] INFO [315/333963] SAVED: Life Combinations (Source: Steam CDN (AppID: 1059660))
[14:11:28] INFO [316/333963] SAVED: Not Dead Yet (Source: Steam CDN (AppID: 1060160))
[14:11:28] INFO [317/333963] SAVED: Cyber Driver (Source: Steam CDN (AppID: 1060180))
[14:11:29] INFO [318/333963] SAVED: Jigsaw Masterpieces: Sea Slugs - Gems of the Sea (Source: Steam CDN (AppID: 1059700))
[14:11:29] INFO [319/333963] SAVED: Make Route: Escape the police (Source: Steam CDN (AppID: 1059690))
[14:11:30] INFO [320/333963] SAVED: Jigsaw Masterpieces: Sakura - Japanese Cherry Blossoms (Source: Steam CDN (AppID: 1059720))
[14:11:30] INFO [321/333963] SAVED: Mystery Trackers: Winterpoint Tragedy - Collector's Edition (Source: Steam CDN (AppID: 1059620))
[14:11:30] INFO [322/333963] SAVED: Interworlds Academy (Source: Steam CDN (AppID: 1059750))
[14:11:30] INFO [323/333963] SAVED: Disaster Report 4: Summer Memories (Source: Steam CDN (AppID: 1060210))
[14:11:31] INFO [324/333963] SAVED: Rumia in the darkness (Source: Steam CDN (AppID: 1060240))
[14:11:32] INFO [325/333963] SAVED: Sapiens (Source: Steam CDN (AppID: 1060230))
[14:11:32] INFO [326/333963] SAVED: Sicier's Zweck (Source: Steam CDN (AppID: 1059760))
[14:11:32] INFO [327/333963] SAVED: Striker A Type Game Pack (Source: Steam CDN (AppID: 1059860))
[14:11:32] INFO [328/333963] SAVED: Vampire Martina-Bloody Day 228 (Source: Steam CDN (AppID: 1060360))
[14:11:34] INFO [329/333963] SAVED: Empire: Total War - Special Forces Units & Bonus Content (Source: Steam CDN (AppID: 10600))
[14:11:34] INFO [330/333963] SAVED: Slime Adventure 2 (Source: Steam CDN (AppID: 1060380))
[14:11:36] INFO [331/333963] SAVED: Space Trade Fleet 1.5 (Source: Steam CDN (AppID: 1060110))
[14:11:37] INFO [332/333963] SAVED: D.H.Trouble Guy (Source: Steam CDN (AppID: 1060030))
[14:11:37] INFO [333/333963] SAVED: Hentai Babes: Broken Vows (Source: Steam CDN (AppID: 1060570))
[14:11:38] INFO [334/333963] SAVED: Cities: Skylines - Content Creator Pack: University City (Source: Steam CDN (AppID: 1059820))
[14:11:39] INFO [335/333963] SAVED: Pretty: Exotic (Source: Steam CDN (AppID: 1060590))
[14:11:39] INFO [336/333963] SAVED: Pandora Saga: Weapons of Balance (Source: Steam CDN (AppID: 106010))
[14:11:40] INFO [337/333963] SAVED: Pandora Saga: Weapons of Balance (Source: Steam CDN (AppID: 106020))
[14:11:41] INFO [338/333963] SAVED: Lair of the Clockwork God (Source: Steam CDN (AppID: 1060600))
[14:11:42] INFO [339/333963] SAVED: Azurael's Circle: Chapter 4 (Source: Steam CDN (AppID: 1060170))
[14:11:42] INFO [340/333963] SAVED: War of the Seraphim (Source: Steam CDN (AppID: 1060350))
[14:11:44] INFO [341/333963] SAVED: Beautify Day (Source: Steam CDN (AppID: 1060280))
[14:11:44] INFO [342/333963] SAVED: Mission XAM (Source: Steam CDN (AppID: 1060690))
[14:11:44] INFO [343/333963] SAVED: Crazy space pirate (Source: Steam CDN (AppID: 1060370))
[14:11:45] INFO [344/333963] SAVED: Mystic RUS-files (Source: Steam CDN (AppID: 1060400))
[14:11:45] INFO [345/333963] SAVED: Die, Zombie Sausage, Die! (Source: Steam CDN (AppID: 1060770))
[14:11:45] INFO [346/333963] SAVED: Homeless Simulator (Source: Steam CDN (AppID: 1060300))
[14:11:45] INFO [347/333963] SAVED: One Drop Bot (Source: Steam CDN (AppID: 1060320))
[14:11:45] INFO [348/333963] SAVED: Shizue: Innocent Curse (Source: Steam CDN (AppID: 1060340))
[14:11:45] INFO [349/333963] SAVED: Great Toilet Simulator (Source: Steam CDN (AppID: 1060310))
[14:11:47] INFO [350/333963] SAVED: Sky Shepherd (Source: Steam CDN (AppID: 1060450))
[14:11:47] INFO [351/333963] SAVED: Moonbuggy VR (Source: Steam CDN (AppID: 1060460))
[14:11:48] INFO [352/333963] SAVED: The Sphere of Abyss (Source: Steam CDN (AppID: 1060810))
[14:11:48] INFO [353/333963] SAVED: Global Infection (Source: Steam CDN (AppID: 1060470))
[14:11:48] INFO [354/333963] SAVED: Magic Clouds (Source: Steam CDN (AppID: 1060440))
[14:11:48] INFO [355/333963] SAVED: Gnrblex (Source: Steam CDN (AppID: 1060560))
[14:11:48] INFO [356/333963] SAVED: Empire: Total War - Elite Units of the West (Source: Steam CDN (AppID: 10604))
[14:11:49] INFO [357/333963] SAVED: Heaven's Voice Feast of Famine (Source: Steam CDN (AppID: 1060510))
[14:11:49] INFO [358/333963] SAVED: First Star Down (Source: Steam CDN (AppID: 1060880))
[14:11:49] INFO [359/333963] SAVED: Spleen (Source: Steam CDN (AppID: 1060850))
[14:11:50] INFO [360/333963] SAVED: Empire: Total War - The Warpath Campaign (Source: Steam CDN (AppID: 10606))
[14:11:50] INFO [361/333963] SAVED: Runa's Date (Source: Steam CDN (AppID: 1060540))
[14:11:51] INFO [362/333963] SAVED: I ride a Scooter (Source: Steam CDN (AppID: 1060980))
[14:11:51] INFO [363/333963] SAVED: Deep Sea (Source: Steam CDN (AppID: 1061010))
[14:11:52] INFO [364/333963] SAVED: Jump King (Source: Steam CDN (AppID: 1061090))
[14:11:53] INFO [365/333963] SAVED: Summer Resort Mogul (Source: Steam CDN (AppID: 1061120))
[14:11:53] INFO [366/333963] SAVED: Aye Captain! (Source: Steam CDN (AppID: 1061130))
[14:11:54] INFO [367/333963] SAVED: Discontinue (Source: Steam CDN (AppID: 1061220))
[14:11:54] INFO [368/333963] SAVED: Trucker's Dynasty - Cuba Libre (Source: Steam CDN (AppID: 1061210))
[14:11:55] INFO [369/333963] SAVED: Hentai Girl Run (Source: Steam CDN (AppID: 1060620))
[14:11:55] INFO [370/333963] SAVED: Empire: Total War - Elite Units of America (Source: Steam CDN (AppID: 10607))
[14:11:56] INFO [371/333963] SAVED: Full Swing Hero (Source: Steam CDN (AppID: 1060630))
[14:11:57] INFO [372/333963] SAVED: Empire: Total War - Elite Units of the East (Source: Steam CDN (AppID: 10608))
[14:11:57] INFO [373/333963] SAVED: Gensokyo Defenders Plus (Source: Steam CDN (AppID: 1060700))
[14:11:58] INFO [374/333963] SAVED: Heretic Operative: Blood Cult (Source: Steam CDN (AppID: 1060830))
[14:11:59] INFO [375/333963] SAVED: Nyasha Valkyrie (Source: Steam CDN (AppID: 1061470))
[14:12:01] INFO [376/333963] SAVED: Get Out (Source: Steam CDN (AppID: 1060890))
[14:12:01] INFO [377/333963] SAVED: Mural (Source: Steam CDN (AppID: 1060900))
[14:12:01] INFO [378/333963] SAVED: Hello, World. (Source: Steam CDN (AppID: 1060870))
[14:12:02] INFO [379/333963] SAVED: Island Life (Source: Steam CDN (AppID: 1060950))
[14:12:02] INFO [380/333963] SAVED: Broadside: Perilous Waters (Source: Steam CDN (AppID: 1061530))
[14:12:02] INFO [381/333963] SAVED: Escape Asylum (Source: Steam CDN (AppID: 1060940))
[14:12:03] INFO [382/333963] SAVED: Sneak In (Source: Steam CDN (AppID: 1061550))
[14:12:04] INFO [383/333963] SAVED: Tenderfoot Tactics (Source: Steam CDN (AppID: 1061610))
[14:12:04] INFO [384/333963] SAVED: Orc Raid (Source: Steam CDN (AppID: 1061160))
[14:12:05] INFO [385/333963] SAVED: DomiDo (Source: Steam CDN (AppID: 1061200))
[14:12:05] INFO [386/333963] SAVED: Muscle Magic (Source: Steam CDN (AppID: 1061150))
[14:12:05] INFO [387/333963] SAVED: Quiet Sleep (Source: Steam CDN (AppID: 1061240))
